Mono path[0] = 'F:/SPT/SPT4.0.13/EscapeFromTarkov_Data/Managed'
Mono config path = 'F:/SPT/SPT4.0.13/MonoBleedingEdge/etc'
Fallback handler could not load library F:/SPT/SPT4.0.13/EscapeFromTarkov_Data/MonoBleedingEdge/data-0000017C0C0B9070.dll
Fallback handler could not load library F:/SPT/SPT4.0.13/EscapeFromTarkov_Data/MonoBleedingEdge/data-0000017C20EF5040.dll
Fallback handler could not load library F:/SPT/SPT4.0.13/EscapeFromTarkov_Data/MonoBleedingEdge/data-0000017C21E58040.dll
[PhysX] Initialized MultithreadedTaskDispatcher with 16 workers.
Unity memory allocator detected: MetaXRAudio native memory allocations will be tracked.
Initialize engine version: 2022.3.43f1 (85497d293fa1)
[Subsystems] Discovering subsystems at path F:/SPT/SPT4.0.13/EscapeFromTarkov_Data/UnitySubsystems
GfxDevice: creating device client; threaded=1; jobified=1
Direct3D:
    Version:  Direct3D 11.0 [level 11.1]
    Renderer: NVIDIA GeForce RTX 4070 Ti (ID=0x2782)
    Vendor:   NVIDIA
    VRAM:     11996 MB
    Driver:   32.0.15.9186
Begin MonoManager ReloadAssembly
- Loaded All Assemblies, in  0.102 seconds
- Finished resetting the current domain, in  0.001 seconds
Script error: OnTriggerStay
The message must have 0 or 1 parameters.
The message will be ignored.
Script error: OnTriggerStay
The message must have 0 or 1 parameters.
The message will be ignored.
Script error: OnTriggerStay
The message must have 0 or 1 parameters.
The message will be ignored.
Script error: OnTriggerStay
The message must have 0 or 1 parameters.
The message will be ignored.
Script error: OnTriggerStay
The message must have 0 or 1 parameters.
The message will be ignored.
Script error: OnTriggerStay
The message must have 0 or 1 parameters.
The message will be ignored.
Script error: OnTriggerStay
The message must have 0 or 1 parameters.
The message will be ignored.
Script error: OnTriggerStay
The message must have 0 or 1 parameters.
The message will be ignored.
Script error: OnTriggerStay
The message must have 0 or 1 parameters.
The message will be ignored.
Shader 'Effects/Explosions/DistortionFresnel': fallback shader 'Effects/Distortion/Free/CullOff' not found
Shader 'p0/Reflective/Bumped Specular Mask': fallback shader 'p0/Reflective/Bumped Specular Mask 2' not found
Shader 'TextMeshPro/Distance Field': fallback shader 'TextMeshPro/Mobile/Distance Field' not found
<RI> Initializing input.
<RI> Input initialized.
<RI> Initialized touch support.
[Message:   BepInEx] BepInEx 5.4.23.2 - EscapeFromTarkov (7/26/2026 3:46:54 PM)
[Info   :   BepInEx] Running under Unity v0.16.9.4008
[Info   :   BepInEx] CLR runtime version: 4.0.30319.42000
[Info   :   BepInEx] Supports SRE: True
[Info   :   BepInEx] System platform: Bits64, Windows
[Message:   BepInEx] Preloader started
[Info   :   BepInEx] Loaded 1 patcher method from [BepInEx.Preloader 5.4.23.2]
[Info   :   BepInEx] Loaded 1 patcher method from [spt-prepatch 4.0.13.0]
[Info   :   BepInEx] 2 patcher plugins loaded
[Info   :   BepInEx] Patching [UnityEngine.CoreModule] with [BepInEx.Chainloader]
[Info   :   BepInEx] Patching [Assembly-CSharp] with [SPT.PrePatch.SPTPrePatcher]
[Message:   BepInEx] Preloader finished
[Message:   BepInEx] Chainloader ready
[Message:   BepInEx] Chainloader started
[Info   :   BepInEx] 10 plugins to load
[Info   :   BepInEx] Loading [Configuration Manager 18.4]
[Info   :   BepInEx] Loading [SPT.Core 4.0.13]
[Info   :  SPT.Core] Loading: SPT.Core
[Info   :ModulePatch] Enabled patch ConsistencySinglePatch
[Info   :ModulePatch] Enabled patch ConsistencyMultiPatch
[Info   :ModulePatch] Enabled patch GameValidationPatch
[Info   :ModulePatch] Enabled patch BattlEyePatch
[Info   :ModulePatch] Enabled patch SslCertificatePatch
[Info   :ModulePatch] Enabled patch UnityWebRequestPatch
[Debug  :ModulePatch] WebSocketSslValidationPatch Type: MobileTlsContext
[Debug  :ModulePatch] WebSocketSslValidationPatch Method: ValidateCertificate
Fallback handler could not load library F:/SPT/SPT4.0.13/EscapeFromTarkov_Data/MonoBleedingEdge/data-0000017D5F28AFD0.dll
[Info   :ModulePatch] Enabled patch WebSocketSslValidationPatch
[Info   :ModulePatch] Enabled patch Patch4001
[Info   :ModulePatch] Enabled patch Patch4002
[Info   :  SPT.Core] Completed: SPT.Core
[Info   :   BepInEx] Loading [SPT.Custom 4.0.13]
[Info   :SPT.Custom] Loading: SPT.Custom
[Info   :ModulePatch] Enabled patch EasyAssetsPatch
[Info   :ModulePatch] Enabled patch EasyBundlePatch
[Info   :ModulePatch] Enabled patch GameStartRequestPatch
[Info   :ModulePatch] Enabled patch DisableNonHalloweenExitsDuringEventPatch
[Info   :ModulePatch] Enabled patch SendFleaListingTaxAmountToServerPatch
[Info   :ModulePatch] Enabled patch AddTraitorScavsPatch
[Info   :RequestHandler] [REQUEST]: /singleplayer/bosstypes
[Info   :RequestHandler] [REQUEST SUCCESSFUL] /singleplayer/bosstypes
[Info   :ModulePatch] Enabled patch CustomAiPatch
[Info   :ModulePatch] Enabled patch SaveSettingsToSptFolderPatch
[Info   :ModulePatch] Enabled patch PatchPlayerPrefsSetInt
[Info   :ModulePatch] Enabled patch PatchPlayerPrefsSetFloat
[Info   :ModulePatch] Enabled patch PatchPlayerPrefsSetString
Fallback handler could not load library F:/SPT/SPT4.0.13/EscapeFromTarkov_Data/MonoBleedingEdge/data-0000017D62A4A050.dll
[Info   :ModulePatch] Enabled patch PatchPlayerPrefsGetInt
Fallback handler could not load library F:/SPT/SPT4.0.13/EscapeFromTarkov_Data/MonoBleedingEdge/data-0000017D62ABEC10.dll
[Info   :ModulePatch] Enabled patch PatchPlayerPrefsGetFloat
Fallback handler could not load library F:/SPT/SPT4.0.13/EscapeFromTarkov_Data/MonoBleedingEdge/data-0000017D62ABF820.dll
[Info   :ModulePatch] Enabled patch PatchPlayerPrefsGetString
Fallback handler could not load library F:/SPT/SPT4.0.13/EscapeFromTarkov_Data/MonoBleedingEdge/data-0000017D62AC0430.dll
[Info   :ModulePatch] Enabled patch PatchPlayerPrefsHasKey
Fallback handler could not load library F:/SPT/SPT4.0.13/EscapeFromTarkov_Data/MonoBleedingEdge/data-0000017D62BE6060.dll
[Info   :ModulePatch] Enabled patch PatchPlayerPrefsDeleteKey
Fallback handler could not load library F:/SPT/SPT4.0.13/EscapeFromTarkov_Data/MonoBleedingEdge/data-0000017D62BE6C70.dll
[Info   :ModulePatch] Enabled patch PatchPlayerPrefsDeleteAll
Fallback handler could not load library F:/SPT/SPT4.0.13/EscapeFromTarkov_Data/MonoBleedingEdge/data-0000017D62C42060.dll
[Info   :ModulePatch] Enabled patch PatchPlayerPrefsSave
[Info   :ModulePatch] Enabled patch QTEPatch
[Info   :ModulePatch] Enabled patch RedirectClientImageRequestsPatch
[Info   :ModulePatch] Enabled patch DisableGameModeAdjustButtonPatch
[Info   :ModulePatch] Enabled patch FixPmcSpawnParamsNullErrorPatch
[Info   :ModulePatch] Enabled patch SetPreRaidSettingsScreenDefaultsPatch
[Info   :ModulePatch] Enabled patch CoreDifficultyPatch
[Info   :ModulePatch] Enabled patch BotDifficultyPatch
[Info   :ModulePatch] Enabled patch VersionLabelPatch
[Info   :ModulePatch] Enabled patch FixScavWarNullErrorWithMarkOfUnknownPatch
[Info   :ModulePatch] Enabled patch MergeScavPmcQuestsOnInventoryLoadPatch
[Info   :ModulePatch] Enabled patch CopyPmcQuestsAndWishlistToPlayerScavPatch
[Info   :ModulePatch] Enabled patch FixBossesHavingNoFollowersOnMediumAiAmount
[Info   :ModulePatch] Enabled patch FixAirdropCrashPatch
[Info   :ModulePatch] Enabled patch FixAirdropFlareDisposePatch
[Info   :ModulePatch] Enabled patch AllowAirdropsInPvEPatch
[Info   :ModulePatch] Enabled patch MemoryCollectionPatch
[Info   :ModulePatch] Enabled patch LocaleManagerRaceConditionFixPatch
[Info   :ModulePatch] Enabled patch AddOfferFilterHangPatch
[Info   :ModulePatch] Enabled patch FixPrecipitationAmbientBlenderNullRefPatch
[Info   :ModulePatch] Enabled patch EnablePrestigeTabPatch
[Debug  :ModulePatch] MatchStartServerLocationPatch Type: Struct388
[Debug  :ModulePatch] MatchStartServerLocationPatch Method: MoveNext
[Debug  :ModulePatch] MatchStartServerLocationPatch Nested Type: Class1492
[Info   :ModulePatch] Enabled patch MatchStartServerLocationPatch
[Info   :ModulePatch] Enabled patch SpawnPointAIPlayerBotLimitPatch
[Info   :ModulePatch] Enabled patch SpawnPointNearestPlayerAIPatch
[Info   :ModulePatch] Enabled patch BotsControllerInitPatch
[Info   :ModulePatch] Enabled patch BotsEventsControllerActivatePatch
[Info   :ModulePatch] Enabled patch EnableInfectionUIPatch
[Info   :ModulePatch] Enabled patch KhorovodDisposeFix
[Info   :SPT.Custom] Completed: SPT.Custom
[Info   :   BepInEx] Loading [SPT.Debugging 4.0.13]
[Info   :SPT.Debugging] Loading: SPT.Debugging
[Info   :ModulePatch] Enabled patch EndRaidDebug
[Info   :ModulePatch] Enabled patch LoggerClassLogPatch
[Info   :ModulePatch] Enabled patch ReloadClientPatch
[Info   :ModulePatch] Enabled patch EnableDebugCommandsPatch
[Info   :SPT.Debugging] Completed: SPT.Debugging
[Info   :   BepInEx] Loading [SPT.Singleplayer 4.0.13]
[Info   :SPT.Singleplayer] Loading: SPT.SinglePlayer
[Info   :ModulePatch] Enabled patch TinnitusFixPatch
[Debug  :ModulePatch] EmptyInfilFixPatch Type: BaseLocalGame`1
[Debug  :ModulePatch] EmptyInfilFixPatch Method: vmethod_6
[Info   :ModulePatch] Enabled patch EmptyInfilFixPatch
[Info   :ModulePatch] Enabled patch OverrideMaxAiAliveInRaidValuePatch
[Info   :ModulePatch] Enabled patch FixPostScavRaidXpShowingZeroPatch
[Info   :ModulePatch] Enabled patch DisablePMCExtractsForScavsPatch
[Info   :ModulePatch] Enabled patch ScavExfilPatch
[Debug  :ModulePatch] ScavProfileLoadPatch Type: Struct388
[Debug  :ModulePatch] ScavProfileLoadPatch Method: MoveNext
[Info   :ModulePatch] Enabled patch ScavProfileLoadPatch
[Debug  :ModulePatch] ScavPrefabLoadPatch Type: Struct389
[Debug  :ModulePatch] ScavPrefabLoadPatch Method: MoveNext
[Info   :ModulePatch] Enabled patch ScavPrefabLoadPatch
[Info   :ModulePatch] Enabled patch LoadOfflineRaidScreenPatch
[Info   :ModulePatch] Enabled patch PluginErrorNotifierPatch
[Info   :ModulePatch] Enabled patch RemoveUsedBotProfilePatch
[Debug  :ModulePatch] ScavLateStartPatch Type: TarkovApplication
[Debug  :ModulePatch] ScavLateStartPatch Method: method_49
[Info   :ModulePatch] Enabled patch ScavLateStartPatch
[Info   :ModulePatch] Enabled patch ScavSellAllPriceStorePatch
[Info   :ModulePatch] Enabled patch ScavSellAllRequestPatch
[Info   :ModulePatch] Enabled patch ScavRepAdjustmentPatch
[Info   :ModulePatch] Enabled patch DisableWelcomeToPVEModeMessagePatch
[Info   :ModulePatch] Enabled patch DisableMatchmakerPlayerPreviewButtonsPatch
[Info   :ModulePatch] Enabled patch EnablePlayerScavPatch
[Info   :ModulePatch] Enabled patch ScavFoundInRaidPatch
[Info   :ModulePatch] Enabled patch GetProfileAtEndOfRaidPatch
[Info   :ModulePatch] Enabled patch SendPlayerScavProfileToServerAfterRaidPatch
[Info   :ModulePatch] Enabled patch RemoveStashUpgradeLabelPatch
[Info   :ModulePatch] Enabled patch RemoveClothingItemExternalObtainLabelPatch
[Info   :ModulePatch] Enabled patch ForceRaidModeToLocalPatch
[Info   :ModulePatch] Enabled patch ScavIsPlayerEnemyPatch
[Info   :ModulePatch] Enabled patch FirearmControllerShowIncompatibleNotificationClass
[Info   :ModulePatch] Enabled patch FixKeyAlreadyExistsErrorOnAchievementPatch
[Info   :ModulePatch] Enabled patch ScavPrestigeFixPatch
[Info   :ModulePatch] Enabled patch DisableDevMaskCheckPatch
[Info   :ModulePatch] Enabled patch RemoveStopwatchAllocationsEveryCoverPointFramePatch
[Info   :ModulePatch] Enabled patch DisableUseBSGServersCheckbox
[Info   :ModulePatch] Enabled patch PmcBotSidePatch
[Info   :ModulePatch] Enabled patch QuestAchievementRewardInRaidPatch
[Info   :ModulePatch] Enabled patch FixUnityWarningSpamFromAirdropsPatch
[Info   :ModulePatch] Enabled patch DisableReadyLocationReadyPatch
[Info   :ModulePatch] Enabled patch DisableMatchmakerOfflineRaidReadyPatch
[Info   :ModulePatch] Enabled patch DisableMatchmakerInsuranceReadyPatch
[Warning:  HarmonyX] DisableDiscardLimitsPatch: You should only patch implemented methods/constructors to avoid issues. Patch the declared method virtual bool EFT.Player+PlayerInventoryController::get_HasDiscardLimits() instead of virtual bool EFT.Player+PlayerInventoryController::get_HasDiscardLimits().
[Info   :ModulePatch] Enabled patch DisableDiscardLimitsPatch
[Info   :ModulePatch] Enabled patch DisableBuffLoggingPatch
[Info   :ModulePatch] Enabled patch RemoveStashUpgradeLabelPatch2
[Debug  :ModulePatch] LocaleFixPatch Type: Struct427
[Info   :ModulePatch] Enabled patch LocaleFixPatch
[Info   :ModulePatch] Enabled patch RemoveTransitionRaidModeSetPatch
[Info   :ModulePatch] Enabled patch FixDisableBossSpawningOptionPatch
[Info   :ModulePatch] Enabled patch DisableHideoutCounterResetPatch
[Info   :SPT.Singleplayer] Completed: SPT.SinglePlayer
[Info   :   BepInEx] Loading [Framesaver 0.1.0]
[Info   :ModulePatch] Enabled patch BotStandByUpdatePatch
[Info   :ModulePatch] Enabled patch SleepingBotStandByPumpPatch
[Info   :ModulePatch] Enabled patch BotStandByInitPointsPatch
[Info   :ModulePatch] Enabled patch AICoreControllerUpdatePatch
[Info   :ModulePatch] Enabled patch BotsControllerTickPatch
[Info   :ModulePatch] Enabled patch FastBodyAnimatorPatch
[Info   :ModulePatch] Enabled patch SleepingBotAnimatorPatch
[Info   :ModulePatch] Enabled patch BotStandByStateChangePatch
[Info   :ModulePatch] Enabled patch SkipSleepingPlayerLateUpdatePatch
[Info   :ModulePatch] Enabled patch SkipSleepingWorldTickPatch
[Info   :ModulePatch] Enabled patch AsyncWorkerUpdatePatch
[Info   :ModulePatch] Enabled patch AsyncWorkerFixedUpdatePatch
[Info   :ModulePatch] Enabled patch AsyncDrainPatch
[Info   :ModulePatch] Enabled patch ProfileCtorPatch
[Info   :ModulePatch] Enabled patch ProfileInventoryPatch
[Info   :ModulePatch] Enabled patch BotBackupAddPatch
[Info   :ModulePatch] Enabled patch BotBackupFlushPatch
[Info   :ModulePatch] Enabled patch BundleLoadPatch
[Info   :ModulePatch] Enabled patch SpawnCreateDataPatch
[Info   :ModulePatch] Enabled patch SpawnByWavePatch
[Info   :ModulePatch] Enabled patch SpawnWithoutWavePatch
[Info   :ModulePatch] Enabled patch SpawnByTypeForcePatch
[Info   :ModulePatch] Enabled patch SpawnZoneAttemptPatch
[Info   :ModulePatch] Enabled patch BotOwnerCreatePatch
[Info   :ModulePatch] Enabled patch BotCreateWorkPatch
[Info   :ModulePatch] Enabled patch BotsControllerInitPatch
[Info   :ModulePatch] Enabled patch WavesSpawnRunPatch
[Info   :ModulePatch] Enabled patch NonWavesSpawnRunPatch
[Info   :ModulePatch] Enabled patch BossSpawnRunPatch
[Info   :ModulePatch] Enabled patch CoversRestorePatch
[Info   :ModulePatch] Enabled patch CoversCachePointsPatch
[Info   :ModulePatch] Enabled patch BotDoorsRefreshPatch
[Info   :ModulePatch] Enabled patch BotZoneInitPatch
[Info   :ModulePatch] Enabled patch PatrolZoneMapPatch
[Info   :ModulePatch] Enabled patch CutControllerInitPatch
[Info   :ModulePatch] Enabled patch LootClusterScanPatch
[Info   :ModulePatch] Enabled patch CoversCreateCheckpoint
[Info   :ModulePatch] Enabled patch CoverBoundsCheckpoint
[Info   :ModulePatch] Enabled patch StationaryInitCheckpoint
[Info   :ModulePatch] Enabled patch ZoneLeaveCtorCheckpoint
[Info   :ModulePatch] Enabled patch SettingsRepoCheckpoint
[Info   :ModulePatch] Enabled patch EventsCtorCheckpoint
[Info   :ModulePatch] Enabled patch BotsControllerMethod2Checkpoint
[Info   :ModulePatch] Enabled patch GClass369InitCheckpoint
[Info   :ModulePatch] Enabled patch SpawnerCtorCheckpoint
[Info   :ModulePatch] Enabled patch CoreActivateCheckpoint
[Info   :ModulePatch] Enabled patch BotCreatorCtorPatch
[Info   :ModulePatch] Enabled patch SetSettingsPatch
[Info   :ModulePatch] Enabled patch SpawnActionPatch
[Info   :ModulePatch] Enabled patch PlayerOnDeadCensusPatch
[Info   :ModulePatch] Enabled patch PlayerLateUpdateTimingPatch
[Info   :ModulePatch] Enabled patch GameWorldPlayerTickPatch
[Info   :ModulePatch] Enabled patch JobSchedulerLateUpdatePatch
[Info   :ModulePatch] Enabled patch AmbientLightLateUpdatePatch
[Info   :Framesaver] Framesaver player loop: expanded [TimeUpdate, Initialization, EarlyUpdate, FixedUpdate, PreUpdate, Update, PreLateUpdate, PostLateUpdate]
[Info   :Framesaver] Framesaver: player-loop profiler installed over 132 slots: TimeUpdate, TimeUpdate/WaitForLastPresentationAndUpdateTime, Initialization, Initialization/ProfilerStartFrame, Initialization/UpdateCameraMotionVectors, Initialization/DirectorSampleTime, Initialization/AsyncUploadTimeSlicedUpdate, Initialization/SynchronizeInputs, Initialization/SynchronizeState, Initialization/XREarlyUpdate, EarlyUpdate, EarlyUpdate/PollPlayerConnection, EarlyUpdate/GpuTimestamp, EarlyUpdate/AnalyticsCoreStatsUpdate, EarlyUpdate/UnityWebRequestUpdate, EarlyUpdate/ExecuteMainThreadJobs, EarlyUpdate/ProcessMouseInWindow, EarlyUpdate/ClearIntermediateRenderers, EarlyUpdate/ClearLines, EarlyUpdate/PresentBeforeUpdate, EarlyUpdate/ResetFrameStatsAfterPresent, EarlyUpdate/UpdateAsyncInstantiate, EarlyUpdate/UpdateAsyncReadbackManager, EarlyUpdate/UpdateStreamingManager, EarlyUpdate/UpdateTextureStreamingManager, EarlyUpdate/UpdatePreloading, EarlyUpdate/UpdateContentLoading, EarlyUpdate/RendererNotifyInvisible, EarlyUpdate/PlayerCleanupCachedData, EarlyUpdate/UpdateMainGameViewRect, EarlyUpdate/UpdateCanvasRectTransform, EarlyUpdate/XRUpdate, EarlyUpdate/UpdateInputManager, EarlyUpdate/ProcessRemoteInput, EarlyUpdate/ScriptRunDelayedStartupFrame, EarlyUpdate/UpdateKinect, EarlyUpdate/DeliverIosPlatformEvents, EarlyUpdate/ARCoreUpdate, EarlyUpdate/DispatchEventQueueEvents, EarlyUpdate/Physics2DEarlyUpdate, EarlyUpdate/PhysicsResetInterpolatedTransformPosition, EarlyUpdate/SpriteAtlasManagerUpdate, EarlyUpdate/PerformanceAnalyticsUpdate, FixedUpdate, FixedUpdate/ClearLines, FixedUpdate/NewInputFixedUpdate, FixedUpdate/DirectorFixedSampleTime, FixedUpdate/AudioFixedUpdate, FixedUpdate/ScriptRunBehaviourFixedUpdate, FixedUpdate/DirectorFixedUpdate, FixedUpdate/LegacyFixedAnimationUpdate, FixedUpdate/XRFixedUpdate, FixedUpdate/PhysicsFixedUpdate, FixedUpdate/Physics2DFixedUpdate, FixedUpdate/PhysicsClothFixedUpdate, FixedUpdate/DirectorFixedUpdatePostPhysics, FixedUpdate/ScriptRunDelayedFixedFrameRate, PreUpdate, PreUpdate/PhysicsUpdate, PreUpdate/Physics2DUpdate, PreUpdate/PhysicsClothUpdate, PreUpdate/CheckTexFieldInput, PreUpdate/IMGUISendQueuedEvents, PreUpdate/NewInputUpdate, PreUpdate/SendMouseEvents, PreUpdate/AIUpdate, PreUpdate/WindUpdate, PreUpdate/UpdateVideo, Update, Update/ScriptRunBehaviourUpdate, Update/ScriptRunDelayedDynamicFrameRate, Update/ScriptRunDelayedTasks, Update/DirectorUpdate, PreLateUpdate, PreLateUpdate/AIUpdatePostScript, PreLateUpdate/DirectorUpdateAnimationBegin, PreLateUpdate/LegacyAnimationUpdate, PreLateUpdate/DirectorUpdateAnimationEnd, PreLateUpdate/DirectorDeferredEvaluate, PreLateUpdate/UIElementsUpdatePanels, PreLateUpdate/EndGraphicsJobsAfterScriptUpdate, PreLateUpdate/ConstraintManagerUpdate, PreLateUpdate/ParticleSystemBeginUpdateAll, PreLateUpdate/Physics2DLateUpdate, PreLateUpdate/PhysicsLateUpdate, PreLateUpdate/ScriptRunBehaviourLateUpdate, PostLateUpdate, PostLateUpdate/PlayerSendFrameStarted, PostLateUpdate/DirectorLateUpdate, PostLateUpdate/ScriptRunDelayedDynamicFrameRate, PostLateUpdate/PhysicsSkinnedClothBeginUpdate, PostLateUpdate/UpdateRectTransform, PostLateUpdate/PlayerUpdateCanvases, PostLateUpdate/UpdateAudio, PostLateUpdate/VFXUpdate, PostLateUpdate/ParticleSystemEndUpdateAll, PostLateUpdate/EndGraphicsJobsAfterScriptLateUpdate, PostLateUpdate/UpdateCustomRenderTextures, PostLateUpdate/XRPostLateUpdate, PostLateUpdate/UpdateAllRenderers, PostLateUpdate/UpdateLightProbeProxyVolumes, PostLateUpdate/EnlightenRuntimeUpdate, PostLateUpdate/UpdateAllSkinnedMeshes, PostLateUpdate/ProcessWebSendMessages, PostLateUpdate/SortingGroupsUpdate, PostLateUpdate/UpdateVideoTextures, PostLateUpdate/UpdateVideo, PostLateUpdate/DirectorRenderImage, PostLateUpdate/PlayerEmitCanvasGeometry, PostLateUpdate/PlayerRenderUIEBatchModeOffscreen, PostLateUpdate/PhysicsSkinnedClothFinishUpdate, PostLateUpdate/FinishFrameRendering, PostLateUpdate/BatchModeUpdate, PostLateUpdate/PlayerSendFrameComplete, PostLateUpdate/UpdateCaptureScreenshot, PostLateUpdate/PresentAfterDraw, PostLateUpdate/ClearImmediateRenderers, PostLateUpdate/PlayerSendFramePostPresent, PostLateUpdate/UpdateResolution, PostLateUpdate/InputEndFrame, PostLateUpdate/TriggerEndOfFrameCallbacks, PostLateUpdate/GUIClearEvents, PostLateUpdate/ShaderHandleErrors, PostLateUpdate/ResetInputAxis, PostLateUpdate/ThreadedLoadingDebug, PostLateUpdate/ProfilerSynchronizeStats, PostLateUpdate/MemoryFrameMaintenance, PostLateUpdate/ExecuteGameCenterCallbacks, PostLateUpdate/XRPreEndFrame, PostLateUpdate/ProfilerEndFrame, PostLateUpdate/GraphicsWarmupPreloadedShaders, PostLateUpdate/ObjectDispatcherPostLateUpdate
[Info   :Framesaver] Framesaver telemetry -> F:\SPT\SPT4.0.13\BepInEx\plugins\Framesaver-logs\framesaver-20260728-125209-latch.ndjson
[Info   :Framesaver] Framesaver loaded.
[Info   :   BepInEx] Loading [DrakiaXYZ-BigBrain 1.4.0]
[Info   :DrakiaXYZ-BigBrain] Loading: DrakiaXYZ-BigBrain
[Info   :ModulePatch] Enabled patch BotBaseBrainActivatePatch
[Info   :ModulePatch] Enabled patch BotBrainCreateLogicNodePatch
[Info   :ModulePatch] Enabled patch BotBaseBrainUpdatePatch
[Info   :ModulePatch] Enabled patch BotAgentUpdatePatch
[Info   :ModulePatch] Enabled patch BotBaseBrainActivateLayerPatch
[Info   :ModulePatch] Enabled patch BotStandartBotBrainActivatePatch
[Info   :DrakiaXYZ-BigBrain] Completed: DrakiaXYZ-BigBrain
[Info   :   BepInEx] Loading [LootingBots 1.7.0]
[Info   :ModulePatch] Enabled patch CleanCacheOnRaidEndPatch
[Info   :ModulePatch] Enabled patch EnableWeaponSwitchingPatch
[Info   :ModulePatch] Enabled patch InvokeOnKillPatch
[Info   :ModulePatch] Enabled patch LootDataHaveActionsPatch
[Info   :ModulePatch] Enabled patch LootDataSetTargetLootClusterPatch
[Info   :ModulePatch] Enabled patch OnAirdropLandedPatch
[Info   :ModulePatch] Enabled patch RemoveLootingBrainPatch
[Info   :LootingBots PatchManager] Enabled 7 patches
[Info   :   BepInEx] Loading [SAIN 4.4.3]
[Info   :RequestHandler] [REQUEST]: /sain/namepersonalities
[Info   :RequestHandler] [REQUEST SUCCESSFUL] /sain/namepersonalities
[Info   :ModulePatch] Enabled patch UpdateLightEnablePatch
[Info   :ModulePatch] Enabled patch UpdateLightEnablePatch2
[Info   :ModulePatch] Enabled patch ToggleNightVisionPatch
[Info   :ModulePatch] Enabled patch DisableLookUpdatePatch
[Info   :ModulePatch] Enabled patch GlobalLookSettingsPatch
[Info   :ModulePatch] Enabled patch NoAIESPPatch
[Info   :ModulePatch] Enabled patch BotLightTurnOnPatch
[Info   :ModulePatch] Enabled patch VisionSpeedPatch
[Info   :ModulePatch] Enabled patch WeatherVisionPatch
[Info   :ModulePatch] Enabled patch IsPointInVisibleSectorCallerPatch
[Info   :ModulePatch] Enabled patch IsPointInVisibleSectorPatch
[Info   :ModulePatch] Enabled patch VisionDistancePatch
[Info   :ModulePatch] Enabled patch CheckFlashlightPatch
[Info   :ModulePatch] Enabled patch VersionLabelPatch
[Info   :ModulePatch] Enabled patch PlayerHurtPatch
[Info   :ModulePatch] Enabled patch PlayerTalkPatch
[Info   :ModulePatch] Enabled patch BotTalkPatch
[Info   :ModulePatch] Enabled patch BotTalkManualUpdatePatch
[Info   :ModulePatch] Enabled patch BotShootPatch
[Info   :ModulePatch] Enabled patch SetGrenadePatch
[Info   :ModulePatch] Enabled patch ResetGrenadePatch
[Info   :ModulePatch] Enabled patch DisableGrenadesPatch
[Info   :ModulePatch] Enabled patch BotAimSteerPatch
[Info   :ModulePatch] Enabled patch HardAimDisablePatch1
[Info   :ModulePatch] Enabled patch HardAimDisablePatch2
[Info   :ModulePatch] Enabled patch PlayerHitReactionDisablePatch
[Info   :ModulePatch] Enabled patch HitAffectApplyPatch
[Info   :ModulePatch] Enabled patch DoHitAffectPatch
[Info   :ModulePatch] Enabled patch AimOffsetPatch
[Info   :ModulePatch] Enabled patch AimTimePatch
[Info   :ModulePatch] Enabled patch SmoothTurnPatch
[Info   :ModulePatch] Enabled patch BotSteeringPitchLimitPatch
[Info   :ModulePatch] Enabled patch SprintLookDirPatch
[Info   :ModulePatch] Enabled patch PlayerSetPosePatch
[Info   :ModulePatch] Enabled patch MovementContextIsAIPatch
[Info   :ModulePatch] Enabled patch CanBeSnappedPatch
[Info   :ModulePatch] Enabled patch GlobalShootSettingsPatch
[Info   :ModulePatch] Enabled patch StopShootCauseAnimatorPatch
[Info   :ModulePatch] Enabled patch PoseStaminaPatch
[Info   :ModulePatch] Enabled patch BotMoverManualUpdatePatch
[Info   :ModulePatch] Enabled patch BotMoverManualFixedUpdatePatch
[Info   :ModulePatch] Enabled patch AimStaminaPatch
[Info   :ModulePatch] Enabled patch CrawlPatch
[Info   :ModulePatch] Enabled patch EncumberedPatch
[Info   :ModulePatch] Enabled patch GrenadeCollisionPatch
[Info   :ModulePatch] Enabled patch GrenadeCollisionPatch2
[Info   :ModulePatch] Enabled patch TryPlayShootSoundPatch
[Info   :ModulePatch] Enabled patch OnWeaponModifiedPatch
[Info   :ModulePatch] Enabled patch SoundClipNameCheckerPatch2
[Info   :ModulePatch] Enabled patch TogglableSetPatch
[Info   :ModulePatch] Enabled patch SpawnInHandsSoundPatch
[Info   :ModulePatch] Enabled patch ActivateBotComponentPatch
[Info   :ModulePatch] Enabled patch AddBotComponentPatch
[Info   :ModulePatch] Enabled patch AddGameWorldPatch
[Info   :ModulePatch] Enabled patch GetBotControllerPatch
[Info   :ModulePatch] Enabled patch WorldTickPatch
[Info   :ModulePatch] Enabled patch BotOwnerActivatePatch
[Info   :ModulePatch] Enabled patch StopRequestExecutePatch
[Info   :ModulePatch] Enabled patch SetEnvironmentPatch
[Info   :ModulePatch] Enabled patch AddPointToSearchPatch
[Info   :ModulePatch] Enabled patch SetPanicPointPatch
[Info   :ModulePatch] Enabled patch HaveSeenEnemyPatch
[Info   :ModulePatch] Enabled patch TurnDamnLightOffPatch
[Info   :ModulePatch] Enabled patch ShallKnowEnemyPatch
[Info   :ModulePatch] Enabled patch ShallKnowEnemyLatePatch
[Info   :ModulePatch] Enabled patch GrenadeThrownActionPatch
[Info   :ModulePatch] Enabled patch GrenadeExplosionActionPatch
[Info   :ModulePatch] Enabled patch BlockVoiceRequestsPatch
[Info   :ModulePatch] Enabled patch BlockGrenadeThrowRequestsPatch
[Info   :ModulePatch] Enabled patch BlockRequestPatch
[Info   :ModulePatch] Enabled patch SetInHands_Empty
[Info   :ModulePatch] Enabled patch Proceed_Weapon_Patch
[Info   :ModulePatch] Enabled patch SetInHands_Weapon_Stationary_Patch
[Info   :ModulePatch] Enabled patch SetInHands_Knife_Patch
[Info   :ModulePatch] Enabled patch SetInHands_Grenade_Patch
[Info   :ModulePatch] Enabled patch SetInHands_Food_Patch
[Info   :ModulePatch] Enabled patch SetInHands_Meds_Patch1
[Info   :ModulePatch] Enabled patch SetInHands_Meds_Patch2
[Info   :ModulePatch] Enabled patch SetInHands_QuickUse_Patch1
[Info   :ModulePatch] Enabled patch SetInHands_QuickUse_Patch2
[Info   :ModulePatch] Enabled patch RunToEnemyUpdatePatch
[Info   :ModulePatch] Enabled patch EnableVaultPatch
[Info   :ModulePatch] Enabled patch FightShallReloadFixPatch
[Info   :ModulePatch] Enabled patch FixItemTakerPatch
[Info   :ModulePatch] Enabled patch FixItemTakerPatch2
[Info   :ModulePatch] Enabled patch RotateClampPatch
[Info   :ModulePatch] Enabled patch BotGroupAddEnemyPatch
[Info   :ModulePatch] Enabled patch BotMemoryAddEnemyPatch
[Info   :ModulePatch] Enabled patch StopSetToNavMeshPatch
[Info   :ModulePatch] Enabled patch StopSetToNavMeshPatch2
[Info   :ModulePatch] Enabled patch RemoveSkillIssueController
[Info   :ModulePatch] Enabled patch EnableUsecPmcKhorovodPatch
[Info   :ModulePatch] Enabled patch EnableBearPmcKhorovodPatch
[Info   :ModulePatch] Enabled patch TreeSoundPatch
[Info   :ModulePatch] Enabled patch DoorSoundPatch
[Info   :ModulePatch] Enabled patch DoorBreachSoundPatch
[Info   :ModulePatch] Enabled patch DryShotPatch
[Info   :ModulePatch] Enabled patch PlaySwitchHeadlightSoundPatch
[Info   :ModulePatch] Enabled patch LootingSoundPatch
[Info   :ModulePatch] Enabled patch AimSoundPatch
[Info   :ModulePatch] Enabled patch BulletImpactPatch
[Info   :ModulePatch] Enabled patch HearingSensorPatch
[Info   :ModulePatch] Enabled patch OnMakingShotPatch
[Info   :ModulePatch] Enabled patch RegisterShotPatch
[Info   :ModulePatch] Enabled patch SoundClipNameCheckerPatch
[Info   :ModulePatch] Enabled patch BodyPartToShootPatch
[Info   :SAIN PatchManager] Enabled 106 patches
[Info   :   BepInEx] Loading [DrakiaXYZ-Waypoints 1.8.2]
[Info   :ModulePatch] Enabled patch DebugPatch
[Info   :ModulePatch] Enabled patch WaypointPatch
[Info   :ModulePatch] Enabled patch DoorLinkPatch
[Info   :ModulePatch] Enabled patch DoorLinkStateChangePatch
[Info   :ModulePatch] Enabled patch SwitchDoorBlockerPatch
[Info   :ModulePatch] Enabled patch ExfilDoorBlockerPatch
[Info   :ModulePatch] Enabled patch FindPathPatch
[Message:   BepInEx] Chainloader startup complete
[PhysX] Initialized MultithreadedTaskDispatcher with 16 workers.
UnloadTime: 1.229900 ms
Applying Acoustic Propagation Settings: [acoustic model = AcousticRayTracing], [diffraction = True], 
Fallback handler could not load library F:/SPT/SPT4.0.13/EscapeFromTarkov_Data/MonoBleedingEdge/MetaXRAudioWwise
Fallback handler could not load library F:/SPT/SPT4.0.13/EscapeFromTarkov_Data/MonoBleedingEdge/MetaXRAudioWwise.dll
Fallback handler could not load library F:/SPT/SPT4.0.13/EscapeFromTarkov_Data/MonoBleedingEdge/MetaXRAudioWwise.dll
Fallback handler could not load library F:/SPT/SPT4.0.13/EscapeFromTarkov_Data/MonoBleedingEdge/MetaXRAudioWwise
Fallback handler could not load library F:/SPT/SPT4.0.13/EscapeFromTarkov_Data/MonoBleedingEdge/libMetaXRAudioWwise
Fallback handler could not load library F:/SPT/SPT4.0.13/EscapeFromTarkov_Data/MonoBleedingEdge/libMetaXRAudioWwise.dll
Fallback handler could not load library F:/SPT/SPT4.0.13/EscapeFromTarkov_Data/MonoBleedingEdge/libMetaXRAudioWwise.dll
Fallback handler could not load library F:/SPT/SPT4.0.13/EscapeFromTarkov_Data/MonoBleedingEdge/libMetaXRAudioWwise
Fallback handler could not load library F:/SPT/SPT4.0.13/EscapeFromTarkov_Data/MonoBleedingEdge/MetaXRAudioWwise
Fallback handler could not load library F:/SPT/SPT4.0.13/EscapeFromTarkov_Data/MonoBleedingEdge/MetaXRAudioWwise.dll
Fallback handler could not load library F:/SPT/SPT4.0.13/EscapeFromTarkov_Data/MonoBleedingEdge/MetaXRAudioWwise.dll
Fallback handler could not load library F:/SPT/SPT4.0.13/EscapeFromTarkov_Data/MonoBleedingEdge/MetaXRAudioWwise
Fallback handler could not load library F:/SPT/SPT4.0.13/EscapeFromTarkov_Data/MonoBleedingEdge/libMetaXRAudioWwise
Fallback handler could not load library F:/SPT/SPT4.0.13/EscapeFromTarkov_Data/MonoBleedingEdge/libMetaXRAudioWwise.dll
Fallback handler could not load library F:/SPT/SPT4.0.13/EscapeFromTarkov_Data/MonoBleedingEdge/libMetaXRAudioWwise.dll
Fallback handler could not load library F:/SPT/SPT4.0.13/EscapeFromTarkov_Data/MonoBleedingEdge/libMetaXRAudioWwise
Fallback handler could not load library F:/SPT/SPT4.0.13/EscapeFromTarkov_Data/MonoBleedingEdge/MetaXRAudioFMOD
Fallback handler could not load library F:/SPT/SPT4.0.13/EscapeFromTarkov_Data/MonoBleedingEdge/MetaXRAudioFMOD.dll
Fallback handler could not load library F:/SPT/SPT4.0.13/EscapeFromTarkov_Data/MonoBleedingEdge/MetaXRAudioFMOD.dll
Fallback handler could not load library F:/SPT/SPT4.0.13/EscapeFromTarkov_Data/MonoBleedingEdge/MetaXRAudioFMOD
Fallback handler could not load library F:/SPT/SPT4.0.13/EscapeFromTarkov_Data/MonoBleedingEdge/libMetaXRAudioFMOD
Fallback handler could not load library F:/SPT/SPT4.0.13/EscapeFromTarkov_Data/MonoBleedingEdge/libMetaXRAudioFMOD.dll
Fallback handler could not load library F:/SPT/SPT4.0.13/EscapeFromTarkov_Data/MonoBleedingEdge/libMetaXRAudioFMOD.dll
Fallback handler could not load library F:/SPT/SPT4.0.13/EscapeFromTarkov_Data/MonoBleedingEdge/libMetaXRAudioFMOD
Fallback handler could not load library F:/SPT/SPT4.0.13/EscapeFromTarkov_Data/MonoBleedingEdge/MetaXRAudioFMOD
Fallback handler could not load library F:/SPT/SPT4.0.13/EscapeFromTarkov_Data/MonoBleedingEdge/MetaXRAudioFMOD.dll
Fallback handler could not load library F:/SPT/SPT4.0.13/EscapeFromTarkov_Data/MonoBleedingEdge/MetaXRAudioFMOD.dll
Fallback handler could not load library F:/SPT/SPT4.0.13/EscapeFromTarkov_Data/MonoBleedingEdge/MetaXRAudioFMOD
Fallback handler could not load library F:/SPT/SPT4.0.13/EscapeFromTarkov_Data/MonoBleedingEdge/libMetaXRAudioFMOD
Fallback handler could not load library F:/SPT/SPT4.0.13/EscapeFromTarkov_Data/MonoBleedingEdge/libMetaXRAudioFMOD.dll
Fallback handler could not load library F:/SPT/SPT4.0.13/EscapeFromTarkov_Data/MonoBleedingEdge/libMetaXRAudioFMOD.dll
Fallback handler could not load library F:/SPT/SPT4.0.13/EscapeFromTarkov_Data/MonoBleedingEdge/libMetaXRAudioFMOD
Meta XR Audio Native Interface initialized with Unity plugin
Setting spatial voice limit: 196
Odin Serializer ArchitectureInfo initialization with defaults (all unaligned read/writes disabled).
Odin Serializer detected whitelisted runtime platform WindowsPlayer and memory read test succeeded; enabling all unaligned memory read/writes.
Skipped command line argument:F:\SPT\SPT4.0.13\EscapeFromTarkov.exe
Skipped command line argument:-force-gfx-jobs
Skipped command line argument:native
key:token value:6a669deaf628a77d4cf450f7
key:config value:{'BackendUrl':'https://127.0.0.1:6969','MatchingVersion':'live','Version':'live'}
PlayerLoopSystems:
UnityEngine.PlayerLoop.TimeUpdate
	UnityEngine.PlayerLoop.TimeUpdate+WaitForLastPresentationAndUpdateTime
UnityEngine.PlayerLoop.Initialization
	UnityEngine.PlayerLoop.Initialization+ProfilerStartFrame
	UnityEngine.PlayerLoop.Initialization+UpdateCameraMotionVectors
	UnityEngine.PlayerLoop.Initialization+DirectorSampleTime
	UnityEngine.PlayerLoop.Initialization+AsyncUploadTimeSlicedUpdate
	UnityEngine.PlayerLoop.Initialization+SynchronizeInputs
	UnityEngine.PlayerLoop.Initialization+SynchronizeState
	UnityEngine.PlayerLoop.Initialization+XREarlyUpdate
UnityEngine.PlayerLoop.EarlyUpdate
	CustomPlayerLoopSystem.FrameCounter
	CustomPlayerLoopSystem.StartOfFrame
	UnityEngine.PlayerLoop.EarlyUpdate+PollPlayerConnection
	UnityEngine.PlayerLoop.EarlyUpdate+GpuTimestamp
	UnityEngine.PlayerLoop.EarlyUpdate+AnalyticsCoreStatsUpdate
	UnityEngine.PlayerLoop.EarlyUpdate+UnityWebRequestUpdate
	UnityEngine.PlayerLoop.EarlyUpdate+ExecuteMainThreadJobs
	UnityEngine.PlayerLoop.EarlyUpdate+ProcessMouseInWindow
	UnityEngine.PlayerLoop.EarlyUpdate+ClearIntermediateRenderers
	UnityEngine.PlayerLoop.EarlyUpdate+ClearLines
	UnityEngine.PlayerLoop.EarlyUpdate+PresentBeforeUpdate
	UnityEngine.PlayerLoop.EarlyUpdate+ResetFrameStatsAfterPresent
	UnityEngine.PlayerLoop.EarlyUpdate+UpdateAsyncInstantiate
	UnityEngine.PlayerLoop.EarlyUpdate+UpdateAsyncReadbackManager
	UnityEngine.PlayerLoop.EarlyUpdate+UpdateStreamingManager
	UnityEngine.PlayerLoop.EarlyUpdate+UpdateTextureStreamingManager
	UnityEngine.PlayerLoop.EarlyUpdate+UpdatePreloading
	UnityEngine.PlayerLoop.EarlyUpdate+UpdateContentLoading
	UnityEngine.PlayerLoop.EarlyUpdate+RendererNotifyInvisible
	UnityEngine.PlayerLoop.EarlyUpdate+PlayerCleanupCachedData
	UnityEngine.PlayerLoop.EarlyUpdate+UpdateMainGameViewRect
	UnityEngine.PlayerLoop.EarlyUpdate+UpdateCanvasRectTransform
	UnityEngine.PlayerLoop.EarlyUpdate+XRUpdate
	UnityEngine.PlayerLoop.EarlyUpdate+UpdateInputManager
	UnityEngine.PlayerLoop.EarlyUpdate+ProcessRemoteInput
	UnityEngine.PlayerLoop.EarlyUpdate+ScriptRunDelayedStartupFrame
	UnityEngine.PlayerLoop.EarlyUpdate+UpdateKinect
	UnityEngine.PlayerLoop.EarlyUpdate+DeliverIosPlatformEvents
	UnityEngine.PlayerLoop.EarlyUpdate+ARCoreUpdate
	UnityEngine.PlayerLoop.EarlyUpdate+DispatchEventQueueEvents
	UnityEngine.PlayerLoop.EarlyUpdate+Physics2DEarlyUpdate
	UnityEngine.PlayerLoop.EarlyUpdate+PhysicsResetInterpolatedTransformPosition
	UnityEngine.PlayerLoop.EarlyUpdate+SpriteAtlasManagerUpdate
	UnityEngine.PlayerLoop.EarlyUpdate+PerformanceAnalyticsUpdate
UnityEngine.PlayerLoop.FixedUpdate
	CustomPlayerLoopSystem.StartOfFixedUpdate
	UnityEngine.PlayerLoop.FixedUpdate+ClearLines
	UnityEngine.PlayerLoop.FixedUpdate+NewInputFixedUpdate
	UnityEngine.PlayerLoop.FixedUpdate+DirectorFixedSampleTime
	UnityEngine.PlayerLoop.FixedUpdate+AudioFixedUpdate
	UnityEngine.PlayerLoop.FixedUpdate+ScriptRunBehaviourFixedUpdate
	UnityEngine.PlayerLoop.FixedUpdate+DirectorFixedUpdate
	UnityEngine.PlayerLoop.FixedUpdate+LegacyFixedAnimationUpdate
	UnityEngine.PlayerLoop.FixedUpdate+XRFixedUpdate
	UnityEngine.PlayerLoop.FixedUpdate+PhysicsFixedUpdate
	UnityEngine.PlayerLoop.FixedUpdate+Physics2DFixedUpdate
	UnityEngine.PlayerLoop.FixedUpdate+PhysicsClothFixedUpdate
	UnityEngine.PlayerLoop.FixedUpdate+DirectorFixedUpdatePostPhysics
	UnityEngine.PlayerLoop.FixedUpdate+ScriptRunDelayedFixedFrameRate
	CustomPlayerLoopSystem.EndOfFixedUpdate
UnityEngine.PlayerLoop.PreUpdate
	UnityEngine.PlayerLoop.PreUpdate+PhysicsUpdate
	UnityEngine.PlayerLoop.PreUpdate+Physics2DUpdate
	UnityEngine.PlayerLoop.PreUpdate+PhysicsClothUpdate
	UnityEngine.PlayerLoop.PreUpdate+CheckTexFieldInput
	UnityEngine.PlayerLoop.PreUpdate+IMGUISendQueuedEvents
	UnityEngine.PlayerLoop.PreUpdate+NewInputUpdate
	UnityEngine.PlayerLoop.PreUpdate+SendMouseEvents
	UnityEngine.PlayerLoop.PreUpdate+AIUpdate
	UnityEngine.PlayerLoop.PreUpdate+WindUpdate
	UnityEngine.PlayerLoop.PreUpdate+UpdateVideo
	CustomPlayerLoopSystem.UNetUpdate
	CustomPlayerLoopSystem.PostUNetUpdate
	CustomPlayerLoopSystem.DataProviderSyncUpdate
	CustomPlayerLoopSystem.GlobalEventsClear
	CustomPlayerLoopSystem.GlobalEventsApply
UnityEngine.PlayerLoop.Update
	CustomPlayerLoopSystem.StartOfUpdate
	UnityEngine.PlayerLoop.Update+ScriptRunBehaviourUpdate
	UnityEngine.PlayerLoop.Update+ScriptRunDelayedDynamicFrameRate
	UnityEngine.PlayerLoop.Update+ScriptRunDelayedTasks
	UnityEngine.PlayerLoop.Update+DirectorUpdate
	CustomPlayerLoopSystem.EndOfUpdate
UnityEngine.PlayerLoop.PreLateUpdate
	UnityEngine.PlayerLoop.PreLateUpdate+AIUpdatePostScript
	UnityEngine.PlayerLoop.PreLateUpdate+DirectorUpdateAnimationBegin
	UnityEngine.PlayerLoop.PreLateUpdate+LegacyAnimationUpdate
	UnityEngine.PlayerLoop.PreLateUpdate+DirectorUpdateAnimationEnd
	UnityEngine.PlayerLoop.PreLateUpdate+DirectorDeferredEvaluate
	UnityEngine.PlayerLoop.PreLateUpdate+UIElementsUpdatePanels
	UnityEngine.PlayerLoop.PreLateUpdate+EndGraphicsJobsAfterScriptUpdate
	UnityEngine.PlayerLoop.PreLateUpdate+ConstraintManagerUpdate
	UnityEngine.PlayerLoop.PreLateUpdate+ParticleSystemBeginUpdateAll
	UnityEngine.PlayerLoop.PreLateUpdate+Physics2DLateUpdate
	UnityEngine.PlayerLoop.PreLateUpdate+PhysicsLateUpdate
	UnityEngine.PlayerLoop.PreLateUpdate+ScriptRunBehaviourLateUpdate
UnityEngine.PlayerLoop.PostLateUpdate
	CustomPlayerLoopSystem.StartOfPostLateUpdate
	UnityEngine.PlayerLoop.PostLateUpdate+PlayerSendFrameStarted
	UnityEngine.PlayerLoop.PostLateUpdate+DirectorLateUpdate
	UnityEngine.PlayerLoop.PostLateUpdate+ScriptRunDelayedDynamicFrameRate
	UnityEngine.PlayerLoop.PostLateUpdate+PhysicsSkinnedClothBeginUpdate
	UnityEngine.PlayerLoop.PostLateUpdate+UpdateRectTransform
	UnityEngine.PlayerLoop.PostLateUpdate+PlayerUpdateCanvases
	UnityEngine.PlayerLoop.PostLateUpdate+UpdateAudio
	UnityEngine.PlayerLoop.PostLateUpdate+VFXUpdate
	UnityEngine.PlayerLoop.PostLateUpdate+ParticleSystemEndUpdateAll
	UnityEngine.PlayerLoop.PostLateUpdate+EndGraphicsJobsAfterScriptLateUpdate
	UnityEngine.PlayerLoop.PostLateUpdate+UpdateCustomRenderTextures
	UnityEngine.PlayerLoop.PostLateUpdate+XRPostLateUpdate
	UnityEngine.PlayerLoop.PostLateUpdate+UpdateAllRenderers
	UnityEngine.PlayerLoop.PostLateUpdate+UpdateLightProbeProxyVolumes
	UnityEngine.PlayerLoop.PostLateUpdate+EnlightenRuntimeUpdate
	UnityEngine.PlayerLoop.PostLateUpdate+UpdateAllSkinnedMeshes
	UnityEngine.PlayerLoop.PostLateUpdate+ProcessWebSendMessages
	UnityEngine.PlayerLoop.PostLateUpdate+SortingGroupsUpdate
	UnityEngine.PlayerLoop.PostLateUpdate+UpdateVideoTextures
	UnityEngine.PlayerLoop.PostLateUpdate+UpdateVideo
	UnityEngine.PlayerLoop.PostLateUpdate+DirectorRenderImage
	UnityEngine.PlayerLoop.PostLateUpdate+PlayerEmitCanvasGeometry
	UnityEngine.PlayerLoop.PostLateUpdate+PlayerRenderUIEBatchModeOffscreen
	UnityEngine.PlayerLoop.PostLateUpdate+PhysicsSkinnedClothFinishUpdate
	UnityEngine.PlayerLoop.PostLateUpdate+FinishFrameRendering
	UnityEngine.PlayerLoop.PostLateUpdate+BatchModeUpdate
	UnityEngine.PlayerLoop.PostLateUpdate+PlayerSendFrameComplete
	UnityEngine.PlayerLoop.PostLateUpdate+UpdateCaptureScreenshot
	UnityEngine.PlayerLoop.PostLateUpdate+PresentAfterDraw
	UnityEngine.PlayerLoop.PostLateUpdate+ClearImmediateRenderers
	UnityEngine.PlayerLoop.PostLateUpdate+PlayerSendFramePostPresent
	UnityEngine.PlayerLoop.PostLateUpdate+UpdateResolution
	UnityEngine.PlayerLoop.PostLateUpdate+InputEndFrame
	UnityEngine.PlayerLoop.PostLateUpdate+TriggerEndOfFrameCallbacks
	UnityEngine.PlayerLoop.PostLateUpdate+GUIClearEvents
	UnityEngine.PlayerLoop.PostLateUpdate+ShaderHandleErrors
	UnityEngine.PlayerLoop.PostLateUpdate+ResetInputAxis
	UnityEngine.PlayerLoop.PostLateUpdate+ThreadedLoadingDebug
	UnityEngine.PlayerLoop.PostLateUpdate+ProfilerSynchronizeStats
	UnityEngine.PlayerLoop.PostLateUpdate+MemoryFrameMaintenance
	UnityEngine.PlayerLoop.PostLateUpdate+ExecuteGameCenterCallbacks
	UnityEngine.PlayerLoop.PostLateUpdate+XRPreEndFrame
	UnityEngine.PlayerLoop.PostLateUpdate+ProfilerEndFrame
	UnityEngine.PlayerLoop.PostLateUpdate+GraphicsWarmupPreloadedShaders
	UnityEngine.PlayerLoop.PostLateUpdate+ObjectDispatcherPostLateUpdate
	CustomPlayerLoopSystem.EndOfFrame
No Meta XR Audio Room found, setting default room
Fallback handler could not load library F:/SPT/SPT4.0.13/EscapeFromTarkov_Data/MonoBleedingEdge/MetaXRAudioWwise
Fallback handler could not load library F:/SPT/SPT4.0.13/EscapeFromTarkov_Data/MonoBleedingEdge/MetaXRAudioWwise.dll
Fallback handler could not load library F:/SPT/SPT4.0.13/EscapeFromTarkov_Data/MonoBleedingEdge/MetaXRAudioWwise.dll
Fallback handler could not load library F:/SPT/SPT4.0.13/EscapeFromTarkov_Data/MonoBleedingEdge/MetaXRAudioWwise
Fallback handler could not load library F:/SPT/SPT4.0.13/EscapeFromTarkov_Data/MonoBleedingEdge/libMetaXRAudioWwise
Fallback handler could not load library F:/SPT/SPT4.0.13/EscapeFromTarkov_Data/MonoBleedingEdge/libMetaXRAudioWwise.dll
Fallback handler could not load library F:/SPT/SPT4.0.13/EscapeFromTarkov_Data/MonoBleedingEdge/libMetaXRAudioWwise.dll
Fallback handler could not load library F:/SPT/SPT4.0.13/EscapeFromTarkov_Data/MonoBleedingEdge/libMetaXRAudioWwise
Fallback handler could not load library F:/SPT/SPT4.0.13/EscapeFromTarkov_Data/MonoBleedingEdge/MetaXRAudioWwise
Fallback handler could not load library F:/SPT/SPT4.0.13/EscapeFromTarkov_Data/MonoBleedingEdge/MetaXRAudioWwise.dll
Fallback handler could not load library F:/SPT/SPT4.0.13/EscapeFromTarkov_Data/MonoBleedingEdge/MetaXRAudioWwise.dll
Fallback handler could not load library F:/SPT/SPT4.0.13/EscapeFromTarkov_Data/MonoBleedingEdge/MetaXRAudioWwise
Fallback handler could not load library F:/SPT/SPT4.0.13/EscapeFromTarkov_Data/MonoBleedingEdge/libMetaXRAudioWwise
Fallback handler could not load library F:/SPT/SPT4.0.13/EscapeFromTarkov_Data/MonoBleedingEdge/libMetaXRAudioWwise.dll
Fallback handler could not load library F:/SPT/SPT4.0.13/EscapeFromTarkov_Data/MonoBleedingEdge/libMetaXRAudioWwise.dll
Fallback handler could not load library F:/SPT/SPT4.0.13/EscapeFromTarkov_Data/MonoBleedingEdge/libMetaXRAudioWwise
Fallback handler could not load library F:/SPT/SPT4.0.13/EscapeFromTarkov_Data/MonoBleedingEdge/MetaXRAudioFMOD
Fallback handler could not load library F:/SPT/SPT4.0.13/EscapeFromTarkov_Data/MonoBleedingEdge/MetaXRAudioFMOD.dll
Fallback handler could not load library F:/SPT/SPT4.0.13/EscapeFromTarkov_Data/MonoBleedingEdge/MetaXRAudioFMOD.dll
Fallback handler could not load library F:/SPT/SPT4.0.13/EscapeFromTarkov_Data/MonoBleedingEdge/MetaXRAudioFMOD
Fallback handler could not load library F:/SPT/SPT4.0.13/EscapeFromTarkov_Data/MonoBleedingEdge/libMetaXRAudioFMOD
Fallback handler could not load library F:/SPT/SPT4.0.13/EscapeFromTarkov_Data/MonoBleedingEdge/libMetaXRAudioFMOD.dll
Fallback handler could not load library F:/SPT/SPT4.0.13/EscapeFromTarkov_Data/MonoBleedingEdge/libMetaXRAudioFMOD.dll
Fallback handler could not load library F:/SPT/SPT4.0.13/EscapeFromTarkov_Data/MonoBleedingEdge/libMetaXRAudioFMOD
Fallback handler could not load library F:/SPT/SPT4.0.13/EscapeFromTarkov_Data/MonoBleedingEdge/MetaXRAudioFMOD
Fallback handler could not load library F:/SPT/SPT4.0.13/EscapeFromTarkov_Data/MonoBleedingEdge/MetaXRAudioFMOD.dll
Fallback handler could not load library F:/SPT/SPT4.0.13/EscapeFromTarkov_Data/MonoBleedingEdge/MetaXRAudioFMOD.dll
Fallback handler could not load library F:/SPT/SPT4.0.13/EscapeFromTarkov_Data/MonoBleedingEdge/MetaXRAudioFMOD
Fallback handler could not load library F:/SPT/SPT4.0.13/EscapeFromTarkov_Data/MonoBleedingEdge/libMetaXRAudioFMOD
Fallback handler could not load library F:/SPT/SPT4.0.13/EscapeFromTarkov_Data/MonoBleedingEdge/libMetaXRAudioFMOD.dll
Fallback handler could not load library F:/SPT/SPT4.0.13/EscapeFromTarkov_Data/MonoBleedingEdge/libMetaXRAudioFMOD.dll
Fallback handler could not load library F:/SPT/SPT4.0.13/EscapeFromTarkov_Data/MonoBleedingEdge/libMetaXRAudioFMOD
Meta XR Audio Native Interface initialized with Unity plugin
Unloading 7 Unused Serialized files (Serialized files now loaded: 0)
[PhysX] Initialized MultithreadedTaskDispatcher with 16 workers.
UnloadTime: 0.242800 ms
Unloading 5 unused Assets to reduce memory usage. Loaded Objects now: 8233.
Total: 26.788500 ms (FindLiveObjects: 0.388500 ms CreateObjectMapping: 0.155000 ms MarkObjects: 26.221200 ms  DeleteObjects: 0.023600 ms)

[Debug  :ModulePatch] output Nlog: Info : Current DSP buffer length: 1024, buffers num: 4
Skipped command line argument:F:\SPT\SPT4.0.13\EscapeFromTarkov.exe
Skipped command line argument:-force-gfx-jobs
Skipped command line argument:native
key:token value:6a669deaf628a77d4cf450f7
key:config value:{'BackendUrl':'https://127.0.0.1:6969','MatchingVersion':'live','Version':'live'}
[Debug  :ModulePatch] output Nlog: Info : Application awaken, updateQueue:'Update'
[Debug  :ModulePatch] output Nlog: Info : Assert.raiseExceptions:'True'
[Debug  :ModulePatch] output Nlog: Info : Application obfuscation succeed.
[Debug  :ModulePatch] output Nlog: Info : driveType:SSD swapDriveType:SSD
[Info   :RequestHandler] [REQUEST]: /singleplayer/settings/version
[Info   :RequestHandler] [REQUEST SUCCESSFUL] /singleplayer/settings/version
[Info   :RequestHandler] [REQUEST]: /singleplayer/release
[Info   :RequestHandler] [REQUEST SUCCESSFUL] /singleplayer/release
[Info   :RequestHandler] [REQUEST]: /singleplayer/enableBSGlogging
[Info   :RequestHandler] [REQUEST SUCCESSFUL] /singleplayer/enableBSGlogging
[Info   :RequestHandler] [REQUEST]: /singleplayer/moddedTraders
[Info   :RequestHandler] [REQUEST SUCCESSFUL] /singleplayer/moddedTraders
[Debug  :   BepInEx] [UnityInput] Using LegacyInputSystem
[Info   :RequestHandler] [REQUEST]: /singleplayer/bundles
[Info   :RequestHandler] [REQUEST SUCCESSFUL] /singleplayer/bundles
Shader 'Effects/Explosions/DistortionFresnel': fallback shader 'Effects/Distortion/Free/CullOff' not found
Shader 'TextMeshPro/Distance Field': fallback shader 'TextMeshPro/Mobile/Distance Field' not found
Shader 'p0/Reflective/Bumped Specular Mask': fallback shader 'p0/Reflective/Bumped Specular Mask 2' not found
Shader 'Terrain/Bumped Specular Snow': dependency 'AddPassShader' shader 'Hidden/Nature/Terrain/Bumped Specular AddPass' not found
Shader 'RainyShaders/Terrain_Rainy_Shader ': dependency 'AddPassShader' shader 'Hidden/Nature/Terrain/Bumped Specular AddPass' not found
Shader 'Terrain/Bumped Specular': dependency 'AddPassShader' shader 'Hidden/Nature/Terrain/Bumped Specular AddPass' not found
Shader 'p0/Reflective/Bumped Specular Mask Compound': fallback shader 'p0/Reflective/Bumped Specular Mask 2' not found
Shader 'TextMeshPro/Distance Field Overlay': fallback shader 'TextMeshPro/Mobile/Distance Field' not found
Unloading 5 Unused Serialized files (Serialized files now loaded: 2)
[PhysX] Initialized MultithreadedTaskDispatcher with 16 workers.
UnloadTime: 0.494300 ms
Unloading 4517 unused Assets to reduce memory usage. Loaded Objects now: 81146.
Total: 41.536800 ms (FindLiveObjects: 5.178300 ms CreateObjectMapping: 0.624400 ms MarkObjects: 33.620500 ms  DeleteObjects: 2.113000 ms)

[Info   :RequestHandler] [REQUEST]: /singleplayer/settings/version
[Info   :RequestHandler] [REQUEST SUCCESSFUL] /singleplayer/settings/version
[Info   :ModulePatch] Server version: SPT 4.0.13 - 2891fd
[Info   :RequestHandler] [REQUEST]: /singleplayer/clientmods
[Info   :RequestHandler] [REQUEST SUCCESSFUL] /singleplayer/clientmods
Unloading 10 Unused Serialized files (Serialized files now loaded: 3)
UnloadTime: 1.215000 ms
Unloading 13 unused Assets to reduce memory usage. Loaded Objects now: 277615.
Total: 98.033500 ms (FindLiveObjects: 22.284000 ms CreateObjectMapping: 4.079100 ms MarkObjects: 71.364700 ms  DeleteObjects: 0.305500 ms)

[Info   :LootingBots] Updating item appraiser
The referenced script on this Behaviour (Game Object '<null>') is missing!
The referenced script on this Behaviour (Game Object '<null>') is missing!
The referenced script on this Behaviour (Game Object '<null>') is missing!
The referenced script on this Behaviour (Game Object '<null>') is missing!
The referenced script on this Behaviour (Game Object '<null>') is missing!
The referenced script on this Behaviour (Game Object '<null>') is missing!
The referenced script on this Behaviour (Game Object '<null>') is missing!
The referenced script on this Behaviour (Game Object '<null>') is missing!
The referenced script on this Behaviour (Game Object '<null>') is missing!
The referenced script on this Behaviour (Game Object '<null>') is missing!
The referenced script on this Behaviour (Game Object '<null>') is missing!
The referenced script on this Behaviour (Game Object '<null>') is missing!
The referenced script on this Behaviour (Game Object '<null>') is missing!
The referenced script on this Behaviour (Game Object '<null>') is missing!
The referenced script on this Behaviour (Game Object '<null>') is missing!
The referenced script on this Behaviour (Game Object '<null>') is missing!
The referenced script on this Behaviour (Game Object '<null>') is missing!
The referenced script on this Behaviour (Game Object '<null>') is missing!
The referenced script on this Behaviour (Game Object '<null>') is missing!
The referenced script on this Behaviour (Game Object '<null>') is missing!
The referenced script on this Behaviour (Game Object '<null>') is missing!
The referenced script on this Behaviour (Game Object '<null>') is missing!
The referenced script on this Behaviour (Game Object '<null>') is missing!
The referenced script on this Behaviour (Game Object '<null>') is missing!
The referenced script on this Behaviour (Game Object '<null>') is missing!
[Info   :  SPT.Core] 1217872
[Info   :  SPT.Core] 28725584
[Info   :  SPT.Core] 0
[Info   :  SPT.Core] 0
[Info   :  SPT.Core] 0
[Info   :  SPT.Core] LmRvb3JzdG9wX3ZlcnNpb24sZG9vcnN0b3BfY29uZmlnLmluaSxFc2NhcGVGcm9tVGFya292LmV4ZSxMSUNFTlNFLUJFUElORVgudHh0LExJQ0VOU0UtQ29uZmlndXJhdGlvbk1hbmFnZXIudHh0LExJQ0VOU0UtTW9kdWxlcy50eHQsUGF0Y2hlci5sb2csU1BULkxhdW5jaGVyLmxuayxTUFQuU2VydmVyLmxuayxTUFRJbnN0YWxsZXIuZXhlLFVuaXR5UGxheWVyLmRsbCx3aW5odHRwLmRsbA==
[Info   :RequestHandler] [REQUEST]: /singleplayer/settings/raid/menu
[Info   :RequestHandler] [REQUEST SUCCESSFUL] /singleplayer/settings/raid/menu
[Info   :Framesaver] Framesaver GPU: render counters live
[Info   :Framesaver] Framesaver player loop: expanded [TimeUpdate, Initialization, EarlyUpdate, FixedUpdate, PreUpdate, Update, PreLateUpdate, PostLateUpdate]
[Info   :Framesaver] Framesaver: player-loop profiler installed over 145 slots: TimeUpdate, TimeUpdate/WaitForLastPresentationAndUpdateTime, Initialization, Initialization/ProfilerStartFrame, Initialization/UpdateCameraMotionVectors, Initialization/DirectorSampleTime, Initialization/AsyncUploadTimeSlicedUpdate, Initialization/SynchronizeInputs, Initialization/SynchronizeState, Initialization/XREarlyUpdate, EarlyUpdate, EarlyUpdate/FrameCounter, EarlyUpdate/StartOfFrame, EarlyUpdate/PollPlayerConnection, EarlyUpdate/GpuTimestamp, EarlyUpdate/AnalyticsCoreStatsUpdate, EarlyUpdate/UnityWebRequestUpdate, EarlyUpdate/ExecuteMainThreadJobs, EarlyUpdate/ProcessMouseInWindow, EarlyUpdate/ClearIntermediateRenderers, EarlyUpdate/ClearLines, EarlyUpdate/PresentBeforeUpdate, EarlyUpdate/ResetFrameStatsAfterPresent, EarlyUpdate/UpdateAsyncInstantiate, EarlyUpdate/UpdateAsyncReadbackManager, EarlyUpdate/UpdateStreamingManager, EarlyUpdate/UpdateTextureStreamingManager, EarlyUpdate/UpdatePreloading, EarlyUpdate/UpdateContentLoading, EarlyUpdate/RendererNotifyInvisible, EarlyUpdate/PlayerCleanupCachedData, EarlyUpdate/UpdateMainGameViewRect, EarlyUpdate/UpdateCanvasRectTransform, EarlyUpdate/XRUpdate, EarlyUpdate/UpdateInputManager, EarlyUpdate/ProcessRemoteInput, EarlyUpdate/ScriptRunDelayedStartupFrame, EarlyUpdate/UpdateKinect, EarlyUpdate/DeliverIosPlatformEvents, EarlyUpdate/ARCoreUpdate, EarlyUpdate/DispatchEventQueueEvents, EarlyUpdate/Physics2DEarlyUpdate, EarlyUpdate/PhysicsResetInterpolatedTransformPosition, EarlyUpdate/SpriteAtlasManagerUpdate, EarlyUpdate/PerformanceAnalyticsUpdate, FixedUpdate, FixedUpdate/StartOfFixedUpdate, FixedUpdate/ClearLines, FixedUpdate/NewInputFixedUpdate, FixedUpdate/DirectorFixedSampleTime, FixedUpdate/AudioFixedUpdate, FixedUpdate/ScriptRunBehaviourFixedUpdate, FixedUpdate/DirectorFixedUpdate, FixedUpdate/LegacyFixedAnimationUpdate, FixedUpdate/XRFixedUpdate, FixedUpdate/PhysicsFixedUpdate, FixedUpdate/Physics2DFixedUpdate, FixedUpdate/PhysicsClothFixedUpdate, FixedUpdate/DirectorFixedUpdatePostPhysics, FixedUpdate/ScriptRunDelayedFixedFrameRate, FixedUpdate/EndOfFixedUpdate, PreUpdate, PreUpdate/PhysicsUpdate, PreUpdate/Physics2DUpdate, PreUpdate/PhysicsClothUpdate, PreUpdate/CheckTexFieldInput, PreUpdate/IMGUISendQueuedEvents, PreUpdate/NewInputUpdate, PreUpdate/SendMouseEvents, PreUpdate/AIUpdate, PreUpdate/WindUpdate, PreUpdate/UpdateVideo, PreUpdate/UNetUpdate, PreUpdate/PostUNetUpdate, PreUpdate/DataProviderSyncUpdate, PreUpdate/GlobalEventsClear, PreUpdate/GlobalEventsApply, Update, Update/StartOfUpdate, Update/ScriptRunBehaviourUpdate, Update/ScriptRunDelayedDynamicFrameRate, Update/ScriptRunDelayedTasks, Update/DirectorUpdate, Update/EndOfUpdate, PreLateUpdate, PreLateUpdate/AIUpdatePostScript, PreLateUpdate/DirectorUpdateAnimationBegin, PreLateUpdate/LegacyAnimationUpdate, PreLateUpdate/DirectorUpdateAnimationEnd, PreLateUpdate/DirectorDeferredEvaluate, PreLateUpdate/UIElementsUpdatePanels, PreLateUpdate/EndGraphicsJobsAfterScriptUpdate, PreLateUpdate/ConstraintManagerUpdate, PreLateUpdate/ParticleSystemBeginUpdateAll, PreLateUpdate/Physics2DLateUpdate, PreLateUpdate/PhysicsLateUpdate, PreLateUpdate/ScriptRunBehaviourLateUpdate, PostLateUpdate, PostLateUpdate/StartOfPostLateUpdate, PostLateUpdate/PlayerSendFrameStarted, PostLateUpdate/DirectorLateUpdate, PostLateUpdate/ScriptRunDelayedDynamicFrameRate, PostLateUpdate/PhysicsSkinnedClothBeginUpdate, PostLateUpdate/UpdateRectTransform, PostLateUpdate/PlayerUpdateCanvases, PostLateUpdate/UpdateAudio, PostLateUpdate/VFXUpdate, PostLateUpdate/ParticleSystemEndUpdateAll, PostLateUpdate/EndGraphicsJobsAfterScriptLateUpdate, PostLateUpdate/UpdateCustomRenderTextures, PostLateUpdate/XRPostLateUpdate, PostLateUpdate/UpdateAllRenderers, PostLateUpdate/UpdateLightProbeProxyVolumes, PostLateUpdate/EnlightenRuntimeUpdate, PostLateUpdate/UpdateAllSkinnedMeshes, PostLateUpdate/ProcessWebSendMessages, PostLateUpdate/SortingGroupsUpdate, PostLateUpdate/UpdateVideoTextures, PostLateUpdate/UpdateVideo, PostLateUpdate/DirectorRenderImage, PostLateUpdate/PlayerEmitCanvasGeometry, PostLateUpdate/PlayerRenderUIEBatchModeOffscreen, PostLateUpdate/PhysicsSkinnedClothFinishUpdate, PostLateUpdate/FinishFrameRendering, PostLateUpdate/BatchModeUpdate, PostLateUpdate/PlayerSendFrameComplete, PostLateUpdate/UpdateCaptureScreenshot, PostLateUpdate/PresentAfterDraw, PostLateUpdate/ClearImmediateRenderers, PostLateUpdate/PlayerSendFramePostPresent, PostLateUpdate/UpdateResolution, PostLateUpdate/InputEndFrame, PostLateUpdate/TriggerEndOfFrameCallbacks, PostLateUpdate/GUIClearEvents, PostLateUpdate/ShaderHandleErrors, PostLateUpdate/ResetInputAxis, PostLateUpdate/ThreadedLoadingDebug, PostLateUpdate/ProfilerSynchronizeStats, PostLateUpdate/MemoryFrameMaintenance, PostLateUpdate/ExecuteGameCenterCallbacks, PostLateUpdate/XRPreEndFrame, PostLateUpdate/ProfilerEndFrame, PostLateUpdate/GraphicsWarmupPreloadedShaders, PostLateUpdate/ObjectDispatcherPostLateUpdate, PostLateUpdate/EndOfFrame
The referenced script (EFT.SinglePlayerApplication) on this Behaviour is missing!
The referenced script on this Behaviour (Game Object '--- Application ---') is missing!
A scripted object (probably EFT.SinglePlayerApplication?) has a different serialization layout when loading. (Read 32 bytes but expected 148 bytes)
Did you #ifdef UNITY_EDITOR a section of your serialized properties in any of your scripts?
Unloading 18 Unused Serialized files (Serialized files now loaded: 235)
UnloadTime: 3.472500 ms
Unloading 198 unused Assets to reduce memory usage. Loaded Objects now: 834838.
Total: 423.852900 ms (FindLiveObjects: 82.463900 ms CreateObjectMapping: 17.298200 ms MarkObjects: 308.508600 ms  DeleteObjects: 15.581800 ms)

[Info   :Framesaver] Framesaver GPU: frameTiming unavailable - no gpu timings after 240 frames (Frame Timing Stats not enabled in this build)
The referenced script on this Behaviour (Game Object 'model_LOD0') is missing!
The referenced script on this Behaviour (Game Object 'camomile01_LOD0') is missing!
WheelCollider requires an attached Rigidbody to function.
WheelCollider requires an attached Rigidbody to function.
WheelCollider requires an attached Rigidbody to function.
WheelCollider requires an attached Rigidbody to function.
BoxCollider does not support negative scale or size.
The effective box size has been forced positive and is likely to give unexpected collision geometry.
If you absolutely need to use negative scaling you can use the convex MeshCollider. Scene hierarchy path "ServerSpatialController/ServerRoom_AudioRoom_main_outdoor/AudioTriggerArea"
[PhysX] Initialized MultithreadedTaskDispatcher with 16 workers.
[PhysX] Initialized MultithreadedTaskDispatcher with 16 workers.
Graphics.CopyTexture called with region not fitting in destination element: trying to copy to region (x:0, y:0, width:512, height:512) of mip 0 (size: 256x256) 
[Info   :RequestHandler] [REQUEST]: /singleplayer/settings/getRaidTime
[Info   :RequestHandler] [REQUEST SUCCESSFUL] /singleplayer/settings/getRaidTime
Couldn't create a Convex Mesh from source mesh "item_barter_household_shampoo_LOD0" within the maximum polygons limit (256). The partial hull will be used. Consider simplifying your mesh.
Couldn't create a Convex Mesh from source mesh "item_equipment_facecover_devtac_LOD0_base" within the maximum polygons limit (256). The partial hull will be used. Consider simplifying your mesh.
[Info   :RequestHandler] [REQUEST]: /singleplayer/settings/bot/maxCap/TarkovStreets
[Info   :RequestHandler] [REQUEST SUCCESSFUL] /singleplayer/settings/bot/maxCap/TarkovStreets
[Info   :ModulePatch] Set max bot cap for: TarkovStreets from: 36 to: 24
[Debug  :ModulePatch] Injected custom navmesh: F:\SPT\SPT4.0.13\BepInEx\plugins\DrakiaXYZ-Waypoints\navmesh\tarkovstreets-navmesh.bundle
[Info   :RequestHandler] [REQUEST]: /singleplayer/settings/bot/difficulties
[Info   :RequestHandler] [REQUEST SUCCESSFUL] /singleplayer/settings/bot/difficulties
[Info   :RequestHandler] [REQUEST]: /singleplayer/settings/bot/difficulty/core/core
[Info   :RequestHandler] [REQUEST SUCCESSFUL] /singleplayer/settings/bot/difficulty/core/core
[Debug  :ModulePatch] __instance.BotHalloweenEvent.Spawner is null skip Activate
[Debug  :ModulePatch] __instance.BotHalloweenEvent.Spawner is not null run Activate
[Debug  :ModulePatch] Open: 356  Closed: 395  Locked: 56
[Info   :RequestHandler] [REQUEST]: /singleplayer/scav/traitorscavhostile
[Info   :RequestHandler] [REQUEST SUCCESSFUL] /singleplayer/scav/traitorscavhostile
[Info   :Framesaver] Framesaver: detected BigBrain, SAIN, LootingBots.
[Info   :RequestHandler] [REQUEST]: /singleplayer/settings/bot/getBotBehaviours/
[Info   :RequestHandler] [REQUEST SUCCESSFUL] /singleplayer/settings/bot/getBotBehaviours/
[Info   :ModulePatch] Cached ai brain weights in client
[Warning:ModulePatch] Updated spt bot RaiRaiTheRaichu: pmcBEAR to use: pmcBEAR brain
[Warning:ModulePatch] Updated spt bot flir: pmcUSEC to use: pmcUSEC brain
Couldn't create a Convex Mesh from source mesh "item_equipment_helmet_armasight_nvg_googles_mask_LOD1_base" within the maximum polygons limit (256). The partial hull will be used. Consider simplifying your mesh.
[Info   :ModulePatch] Updated assault bot Тимофей Козий-сыр to use: assault brain
[Info   :ModulePatch] Updated assault bot Руслан Чсвешник to use: assault brain
[Info   :ModulePatch] Updated assault bot Гена Арбидол to use: assault brain
[Info   :ModulePatch] Updated assault bot Офицерский Сизый to use: assault brain
[Info   :ModulePatch] Updated assault bot Андрей Неформал to use: assault brain
[Info   :ModulePatch] Updated assault bot Захар Ловелас to use: assault brain
[Info   :ModulePatch] Updated player scav bot to use: assault brain
[Info   :ModulePatch] Updated assault bot Ильнур Бритва to use: assault brain
[Info   :ModulePatch] Updated assault bot Лева Макаров to use: assault brain
The referenced script on this Behaviour (Game Object '<null>') is missing!
Calling Animator.GotoState on Synchronize layer
Calling Animator.GotoState on Synchronize layer
Calling Animator.GotoState on Synchronize layer
[Info   :ModulePatch] Updated assault bot Тимофей Сега to use: assault brain
[Info   :ModulePatch] Updated player scav bot to use: assault brain
[Info   :ModulePatch] Updated assault bot Пётр Бобыха to use: assault brain
[Warning:ModulePatch] Updated spt bot CWX: pmcUSEC to use: pmcUSEC brain
[Warning:ModulePatch] Updated spt bot ImBenCole: pmcBEAR to use: pmcBEAR brain
[Warning:ModulePatch] Updated spt bot Rasdow: pmcBEAR to use: pmcBEAR brain
[Warning:ModulePatch] Updated spt bot OkaMoez: pmcUSEC to use: pmcUSEC brain
[Info   :RequestHandler] [REQUEST]: /singleplayer/settings/bot/getBotBehaviours/
[Info   :RequestHandler] [REQUEST SUCCESSFUL] /singleplayer/settings/bot/getBotBehaviours/
[Info   :ModulePatch] Cached ai brain weights in client
[Warning:ModulePatch] Updated spt bot estamnar: pmcBEAR to use: pmcBEAR brain
[Warning:ModulePatch] Updated spt bot Boop: pmcBEAR to use: pmcBEAR brain
[Warning:ModulePatch] Updated spt bot NastyInc: pmcUSEC to use: pmcUSEC brain
[Warning:ModulePatch] Updated spt bot Hooshu: pmcBEAR to use: pmcBEAR brain
[Error  :LootingBots] ([assault] [Bot13] Andrey Neformal) Exception while trying to loot:
[Error  :LootingBots] ([assault] [Bot13] Andrey Neformal) System.AggregateException: One or more errors occurred. (Object reference not set to an instance of an object) ---> System.NullReferenceException: Object reference not set to an instance of an object
  at LootingBots.Components.LootingInventoryController.UpdateActiveWeapon () [0x00063] in <89da9eda7538423b9b1322fa01643135>:0 
  at LootingBots.Components.LootingBrain.OnLootTaskEnd (System.Boolean lootingSuccessful) [0x00013] in <89da9eda7538423b9b1322fa01643135>:0 
  at LootingBots.Components.LootingBrain.LootContainerAsync (System.Threading.CancellationToken token) [0x001f2] in <89da9eda7538423b9b1322fa01643135>:0 
   --- End of inner exception stack trace ---
---> (Inner Exception #0) System.NullReferenceException: Object reference not set to an instance of an object
  at LootingBots.Components.LootingInventoryController.UpdateActiveWeapon () [0x00063] in <89da9eda7538423b9b1322fa01643135>:0 
  at LootingBots.Components.LootingBrain.OnLootTaskEnd (System.Boolean lootingSuccessful) [0x00013] in <89da9eda7538423b9b1322fa01643135>:0 
  at LootingBots.Components.LootingBrain.LootContainerAsync (System.Threading.CancellationToken token) [0x001f2] in <89da9eda7538423b9b1322fa01643135>:0 <---

Calling Animator.GotoState on Synchronize layer
NullReferenceException: Object reference not set to an instance of an object
  at (wrapper dynamic-method) EFT.BotSpawner.DMD<EFT.BotSpawner::TryToSpawnInZoneInner>(EFT.BotSpawner,BotZone,BotCreationDataClass,int,bool,bool,System.Collections.Generic.List`1<EFT.Game.Spawning.ISpawnPoint>,bool)
  at EFT.BotSpawner.TryToSpawnInZoneAndDelay (BotZone botZone, BotCreationDataClass data, System.Boolean withCheckMinMax, System.Boolean newWave, System.Collections.Generic.List`1[T] pointsToSpawn, System.Boolean forcedSpawn) [0x00012] in <ad47400a25db462cbf0a531df654c3c3>:0 
  at BossSpawnerClass.method_5 (BotCreationDataClass bossCreationData, BotZone zone, System.Int32 followersCount, BotSpawnParams spawnParams, BossLocationSpawn wave, EFT.EPlayerSide side, System.Collections.Generic.List`1[T] pointsToSpawn, System.Boolean forceSpawn) [0x00108] in <ad47400a25db462cbf0a531df654c3c3>:0 
Rethrow as AggregateException: One or more errors occurred. (Object reference not set to an instance of an object)

UnityEngine.DebugLogHandler:Internal_LogException(Exception, Object)
UnityEngine.DebugLogHandler:LogException(Exception, Object)
Class412:LogException(Exception, Object)
UnityEngine.Logger:LogException(Exception, Object)
UnityEngine.Debug:LogException(Exception)
TasksExtensions:HandleFinishedTask(Task)
System.Threading.Tasks.ContinuationTaskFromTask:InnerInvoke()
System.Threading.Tasks.Task:Execute()
System.Threading.Tasks.Task:ExecutionContextCallback(Object)
System.Threading.ExecutionContext:RunInternal(ExecutionContext, ContextCallback, Object, Boolean)
System.Threading.ExecutionContext:Run(ExecutionContext, ContextCallback, Object, Boolean)
System.Threading.Tasks.Task:ExecuteWithThreadLocal(Task&)
System.Threading.Tasks.Task:ExecuteEntry(Boolean)
System.Threading.Tasks.Task:System.Threading.IThreadPoolWorkItem.ExecuteWorkItem()
System.Threading.ThreadPoolWorkQueue:Dispatch()
System.Threading._ThreadPoolWaitCallback:PerformWaitCallback()

The referenced script on this Behaviour (Game Object '<null>') is missing!
The referenced script on this Behaviour (Game Object '<null>') is missing!
The referenced script on this Behaviour (Game Object '<null>') is missing!
The referenced script on this Behaviour (Game Object '<null>') is missing!
The referenced script on this Behaviour (Game Object '<null>') is missing!
The referenced script on this Behaviour (Game Object '<null>') is missing!
The referenced script on this Behaviour (Game Object '<null>') is missing!
The referenced script on this Behaviour (Game Object '<null>') is missing!
The referenced script on this Behaviour (Game Object '<null>') is missing!
The referenced script on this Behaviour (Game Object '<null>') is missing!
The referenced script on this Behaviour (Game Object '<null>') is missing!
The referenced script on this Behaviour (Game Object '<null>') is missing!
The referenced script on this Behaviour (Game Object '<null>') is missing!
The referenced script on this Behaviour (Game Object '<null>') is missing!
The referenced script on this Behaviour (Game Object '<null>') is missing!
The referenced script on this Behaviour (Game Object '<null>') is missing!
The referenced script on this Behaviour (Game Object '<null>') is missing!
The referenced script on this Behaviour (Game Object '<null>') is missing!
The referenced script on this Behaviour (Game Object '<null>') is missing!
The referenced script on this Behaviour (Game Object '<null>') is missing!
The referenced script on this Behaviour (Game Object '<null>') is missing!
The referenced script on this Behaviour (Game Object '<null>') is missing!
The referenced script on this Behaviour (Game Object '<null>') is missing!
The referenced script on this Behaviour (Game Object '<null>') is missing!
The referenced script on this Behaviour (Game Object '<null>') is missing!
Unloading 309 Unused Serialized files (Serialized files now loaded: 1334)
Unloading 81815 unused Assets to reduce memory usage. Loaded Objects now: 910684.
Total: 638.835500 ms (FindLiveObjects: 89.305200 ms CreateObjectMapping: 32.675900 ms MarkObjects: 388.561500 ms  DeleteObjects: 128.291400 ms)

Unloading 9 Unused Serialized files (Serialized files now loaded: 1328)
[PhysX] Initialized MultithreadedTaskDispatcher with 16 workers.
UnloadTime: 29.392800 ms
Unloading 124 unused Assets to reduce memory usage. Loaded Objects now: 892792.
Total: 455.965600 ms (FindLiveObjects: 81.366400 ms CreateObjectMapping: 16.978900 ms MarkObjects: 353.680800 ms  DeleteObjects: 3.939100 ms)

The referenced script on this Behaviour (Game Object '<null>') is missing!
The referenced script on this Behaviour (Game Object '<null>') is missing!
The referenced script on this Behaviour (Game Object '<null>') is missing!
The referenced script on this Behaviour (Game Object '<null>') is missing!
The referenced script on this Behaviour (Game Object '<null>') is missing!
The referenced script on this Behaviour (Game Object '<null>') is missing!
The referenced script on this Behaviour (Game Object '<null>') is missing!
The referenced script on this Behaviour (Game Object '<null>') is missing!
The referenced script on this Behaviour (Game Object '<null>') is missing!
The referenced script on this Behaviour (Game Object '<null>') is missing!
The referenced script on this Behaviour (Game Object '<null>') is missing!
The referenced script on this Behaviour (Game Object '<null>') is missing!
The referenced script on this Behaviour (Game Object '<null>') is missing!
The referenced script on this Behaviour (Game Object '<null>') is missing!
The referenced script on this Behaviour (Game Object '<null>') is missing!
The referenced script on this Behaviour (Game Object '<null>') is missing!
The referenced script on this Behaviour (Game Object '<null>') is missing!
The referenced script on this Behaviour (Game Object '<null>') is missing!
The referenced script on this Behaviour (Game Object '<null>') is missing!
The referenced script on this Behaviour (Game Object '<null>') is missing!
The referenced script on this Behaviour (Game Object '<null>') is missing!
The referenced script on this Behaviour (Game Object '<null>') is missing!
The referenced script on this Behaviour (Game Object '<null>') is missing!
The referenced script on this Behaviour (Game Object '<null>') is missing!
The referenced script on this Behaviour (Game Object '<null>') is missing!
